#-----------------------------------------------------------
# Vivado v2024.2 (64-bit)
# SW Build 5239630 on Fri Nov 08 22:35:27 MST 2024
# IP Build 5239520 on Sun Nov 10 16:12:51 MST 2024
# SharedData Build 5239561 on Fri Nov 08 14:39:27 MST 2024
# Start of session at: Sun Jun  1 13:25:50 2025
# Process ID         : 21924
# Current directory  : C:/CochetVictorLPSC/scalp_revc_windows/scalp_user_design/scalp_user_design.runs/scalp_zynqps_ps7_0_axi_periph_upgraded_ipi_imp_xbar_0_synth_1
# Command line       : vivado.exe -log scalp_zynqps_ps7_0_axi_periph_upgraded_ipi_imp_xbar_0.vds -product Vivado -mode batch -messageDb vivado.pb -notrace -source scalp_zynqps_ps7_0_axi_periph_upgraded_ipi_imp_xbar_0.tcl
# Log file           : C:/CochetVictorLPSC/scalp_revc_windows/scalp_user_design/scalp_user_design.runs/scalp_zynqps_ps7_0_axi_periph_upgraded_ipi_imp_xbar_0_synth_1/scalp_zynqps_ps7_0_axi_periph_upgraded_ipi_imp_xbar_0.vds
# Journal file       : C:/CochetVictorLPSC/scalp_revc_windows/scalp_user_design/scalp_user_design.runs/scalp_zynqps_ps7_0_axi_periph_upgraded_ipi_imp_xbar_0_synth_1\vivado.jou
# Running On         : Torchet
# Platform           : Windows Server 2016 or Windows 10
# Operating System   : 26100
# Processor Detail   : Intel(R) Core(TM) Ultra 9 185H
# CPU Frequency      : 3072 MHz
# CPU Physical cores : 16
# CPU Logical cores  : 22
# Host memory        : 33687 MB
# Swap memory        : 4563 MB
# Total Virtual      : 38250 MB
# Available Virtual  : 8520 MB
#-----------------------------------------------------------
source scalp_zynqps_ps7_0_axi_periph_upgraded_ipi_imp_xbar_0.tcl -notrace
